
> thetoddfather@0.1.0 build
> prisma generate && next build

Loaded Prisma config from prisma.config.ts.

Prisma schema loaded from prisma/schema.prisma.

✔ Generated Prisma Client (v7.2.0) to ./node_modules/.pnpm/@prisma+client@7.2.0_prisma@7.2.0_@types+react@19.2.7_react-dom@19.2.3_react@19.2.3__react@19_bzt7asp4azsbbc2xswsn3upm6u/node_modules/@prisma/client in 89ms

Start by importing your Prisma Client (See: https://pris.ly/d/importing-client)

Tip: Interested in query caching in just a few lines of code? Try Accelerate today! https://pris.ly/tip-3-accelerate

⚠ `eslint` configuration in next.config.ts is no longer supported. See more info here: https://nextjs.org/docs/app/api-reference/cli/next#next-lint-options
⚠ Invalid next.config.ts options detected: 
⚠     Unrecognized key(s) in object: 'eslint'
⚠ See more info here: https://nextjs.org/docs/messages/invalid-next-config
⚠ Warning: Next.js inferred your workspace root, but it may not be correct.
 We detected multiple lockfiles and selected the directory of /Users/todd.lebaron/dev/pnpm-lock.yaml as the root directory.
 To silence this warning, set `turbopack.root` in your Next.js config, or consider removing one of the lockfiles if it's not needed.
   See https://nextjs.org/docs/app/api-reference/config/next-config-js/turbopack#root-directory for more information.
 Detected additional lockfiles: 
   * /Users/todd.lebaron/dev/thetoddfather/pnpm-lock.yaml

▲ Next.js 16.1.0 (Turbopack)
- Environments: .env.local, .env

⚠ The "middleware" file convention is deprecated. Please use "proxy" instead. Learn more: https://nextjs.org/docs/messages/middleware-to-proxy
  Creating an optimized production build ...
✓ Compiled successfully in 3.8s
  Skipping validation of types
  Collecting page data using 7 workers ...
  Generating static pages using 7 workers (0/75) ...
  Generating static pages using 7 workers (18/75) 
  Generating static pages using 7 workers (37/75) 
  Generating static pages using 7 workers (56/75) 
✓ Generating static pages using 7 workers (75/75) in 1298.1ms
  Finalizing page optimization ...

Route (app)
┌ ○ /
├ ○ /_not-found
├ ○ /analyze
├ ○ /analyze/deal-payout
├ ○ /analyze/plan-check
├ ○ /analyze/splits
├ ƒ /api/analyze/plan-check
├ ƒ /api/auth/[...nextauth]
├ ƒ /api/chat
├ ƒ /api/chat/history
├ ƒ /api/content/benchmarks
├ ƒ /api/content/components
├ ƒ /api/content/glossary
├ ƒ /api/content/glossary/[id]
├ ƒ /api/content/vendors
├ ƒ /api/content/vendors/[id]
├ ƒ /api/counsel
├ ƒ /api/counsel/[slug]
├ ƒ /api/counsel/save
├ ƒ /api/dev-signin
├ ƒ /api/episodes
├ ƒ /api/episodes/[id]
├ ƒ /api/models
├ ƒ /api/models/[slug]
├ ƒ /api/models/[slug]/run
├ ƒ /api/newsletter/subscribe
├ ƒ /api/stripe/checkout
├ ƒ /api/stripe/portal
├ ƒ /api/studio/avatars
├ ƒ /api/studio/avatars/upload
├ ƒ /api/studio/episodes
├ ƒ /api/studio/episodes/[id]
├ ƒ /api/studio/episodes/[id]/export
├ ƒ /api/studio/episodes/[id]/generate-assets
├ ƒ /api/studio/episodes/[id]/generate-cuts
├ ƒ /api/studio/episodes/[id]/generate-script
├ ƒ /api/studio/episodes/[id]/publish
├ ƒ /api/studio/episodes/[id]/render
├ ƒ /api/studio/episodes/[id]/validate
├ ƒ /api/studio/videos/[videoId]/status
├ ƒ /api/studio/voices
├ ƒ /api/vault/collections
├ ƒ /api/vault/collections/[id]/export
├ ƒ /api/webhooks/stripe
├ ○ /auth/error
├ ○ /auth/signin
├ ○ /auth/verify
├ ○ /benchmarks
├ ○ /benchmarks/governance-maturity
├ ○ /benchmarks/payout-curves
├ ○ /benchmarks/quota-patterns
├ ○ /contact
├ ○ /counsel
├ ƒ /counsel/[slug]
├ ○ /episodes
├ ƒ /episodes/[id]
├ ○ /learn
├ ○ /learn/component-cards
├ ○ /learn/glossary
├ ○ /learn/library
├ ○ /learn/spm-101
├ ○ /legal/privacy
├ ○ /legal/terms
├ ƒ /models
├ ƒ /models/[slug]
├ ○ /robots.txt
├ ○ /search
├ ○ /services
├ ○ /services/assessment
├ ○ /services/redesign
├ ƒ /settings/billing
├ ○ /sitemap.xml
├ ○ /start
├ ƒ /studio
├ ○ /studio/content
├ ○ /studio/content/benchmarks
├ ○ /studio/content/components
├ ○ /studio/content/glossary
├ ƒ /studio/content/glossary/[id]
├ ○ /studio/content/glossary/new
├ ○ /studio/content/vendors
├ ƒ /studio/content/vendors/[id]
├ ○ /studio/content/vendors/new
├ ƒ /studio/episodes/[id]
├ ○ /studio/episodes/new
├ ○ /studio/library
├ ○ /subscribe
├ ○ /syndicate
├ ○ /toddfather
├ ○ /toddfather/podcast
├ ○ /toddfather/speaking
├ ƒ /vault
├ ƒ /vault/collections/[id]
├ ○ /vault/collections/new
├ ○ /vendors
├ ○ /vendors/implementation-reality
└ ○ /vendors/scorecards


ƒ Proxy (Middleware)

○  (Static)   prerendered as static content
ƒ  (Dynamic)  server-rendered on demand

